Enter the seed for random number generation: Enter the maximum letter for the game (A-Z): Enter the number of positions for the game (1-8): Enter the number of guesses allowed for the game: Initialized Game Board: DEE

Enter guess 1: Nope, 0 exact guesses and 0 inexact guesses

Enter guess 2: 